MIF/HEX Update report for TRS80_MC10
Sat Jan 04 06:56:44 2003
Quartus II Version 10.0 Build 218 06/27/2010 SJ Web Edition


---------------------
; Table of Contents ;
---------------------
  1. Legal Notice
  2. MIF/HEX Update Summary
  3. MIF/HEX Update Processed Files
  4. MIF/HEX Update Messages



----------------
; Legal Notice ;
----------------
Copyright (C) 1991-2010 Altera Corporation
Your use of Altera Corporation's design tools, logic functions 
and other software and tools, and its AMPP partner logic 
functions, and any output files from any of the foregoing 
(including device programming or simulation files), and any 
associated documentation or information are expressly subject 
to the terms and conditions of the Altera Program License 
Subscription Agreement, Altera MegaCore Function License 
Agreement, or other applicable license agreement, including, 
without limitation, that your use is for the sole purpose of 
programming logic devices manufactured by Altera and sold by 
Altera or its authorized distributors.  Please refer to the 
applicable agreement for further details.



+---------------------------------------------------------------+
; MIF/HEX Update Summary                                        ;
+-----------------------+---------------------------------------+
; MIF/HEX Update Status ; Successful - Sat Jan 04 06:56:44 2003 ;
; Revision Name         ; TRS80_MC10                            ;
; Top-level Entity Name ; MC10                                  ;
; Family                ; Cyclone IV E                          ;
; Device                ; EP4CE6E22C8                           ;
+-----------------------+---------------------------------------+


+------------------------------------------------------------------------+
; MIF/HEX Update Processed Files                                         ;
+------------------------------------------------------------------------+
; File Name                                                              ;
+------------------------------------------------------------------------+
; C:/Documents and Settings/Admin/My Documents/TRS80_MC10/MC10_CHR16.hex ;
; C:/Documents and Settings/Admin/My Documents/TRS80_MC10/mc10.hex       ;
+------------------------------------------------------------------------+


+-------------------------+
; MIF/HEX Update Messages ;
+-------------------------+
Info: *******************************************************************
Info: Running Quartus II MIF/HEX Update
    Info: Version 10.0 Build 218 06/27/2010 SJ Web Edition
    Info: Processing started: Sat Jan 04 06:56:42 2003
Info: Command: quartus_cdb TRS80_MC10 -c TRS80_MC10 --update_mif
Warning: Byte addressed memory initialization file "MC10_CHR16.hex" was read in the word-addressed format
Warning: Width of data items in "MC10_CHR16.hex" is greater than the memory width. Wrapping data items to subsequent addresses. Found 64 warnings, reporting 10
    Warning: Data at line (1) of memory initialization file "MC10_CHR16.hex" is too wide to fit in one memory word. Wrapping data to subsequent addresses.
    Warning: Data at line (2) of memory initialization file "MC10_CHR16.hex" is too wide to fit in one memory word. Wrapping data to subsequent addresses.
    Warning: Data at line (3) of memory initialization file "MC10_CHR16.hex" is too wide to fit in one memory word. Wrapping data to subsequent addresses.
    Warning: Data at line (4) of memory initialization file "MC10_CHR16.hex" is too wide to fit in one memory word. Wrapping data to subsequent addresses.
    Warning: Data at line (5) of memory initialization file "MC10_CHR16.hex" is too wide to fit in one memory word. Wrapping data to subsequent addresses.
    Warning: Data at line (6) of memory initialization file "MC10_CHR16.hex" is too wide to fit in one memory word. Wrapping data to subsequent addresses.
    Warning: Data at line (7) of memory initialization file "MC10_CHR16.hex" is too wide to fit in one memory word. Wrapping data to subsequent addresses.
    Warning: Data at line (8) of memory initialization file "MC10_CHR16.hex" is too wide to fit in one memory word. Wrapping data to subsequent addresses.
    Warning: Data at line (9) of memory initialization file "MC10_CHR16.hex" is too wide to fit in one memory word. Wrapping data to subsequent addresses.
    Warning: Data at line (10) of memory initialization file "MC10_CHR16.hex" is too wide to fit in one memory word. Wrapping data to subsequent addresses.
Warning: Byte addressed memory initialization file "mc10.hex" was read in the word-addressed format
Warning: Width of data items in "mc10.hex" is greater than the memory width. Wrapping data items to subsequent addresses. Found 256 warnings, reporting 10
    Warning: Data at line (2) of memory initialization file "mc10.hex" is too wide to fit in one memory word. Wrapping data to subsequent addresses.
    Warning: Data at line (3) of memory initialization file "mc10.hex" is too wide to fit in one memory word. Wrapping data to subsequent addresses.
    Warning: Data at line (4) of memory initialization file "mc10.hex" is too wide to fit in one memory word. Wrapping data to subsequent addresses.
    Warning: Data at line (5) of memory initialization file "mc10.hex" is too wide to fit in one memory word. Wrapping data to subsequent addresses.
    Warning: Data at line (6) of memory initialization file "mc10.hex" is too wide to fit in one memory word. Wrapping data to subsequent addresses.
    Warning: Data at line (7) of memory initialization file "mc10.hex" is too wide to fit in one memory word. Wrapping data to subsequent addresses.
    Warning: Data at line (8) of memory initialization file "mc10.hex" is too wide to fit in one memory word. Wrapping data to subsequent addresses.
    Warning: Data at line (9) of memory initialization file "mc10.hex" is too wide to fit in one memory word. Wrapping data to subsequent addresses.
    Warning: Data at line (10) of memory initialization file "mc10.hex" is too wide to fit in one memory word. Wrapping data to subsequent addresses.
    Warning: Data at line (11) of memory initialization file "mc10.hex" is too wide to fit in one memory word. Wrapping data to subsequent addresses.
Info: Processed the following Memory Initialization File(s)
    Info: Processed Memory Initialization File C:/Documents and Settings/Admin/My Documents/TRS80_MC10/MC10_CHR16.hex
    Info: Processed Memory Initialization File C:/Documents and Settings/Admin/My Documents/TRS80_MC10/mc10.hex
Info: Quartus II MIF/HEX Update was successful. 0 errors, 24 warnings
    Info: Peak virtual memory: 199 megabytes
    Info: Processing ended: Sat Jan 04 06:56:44 2003
    Info: Elapsed time: 00:00:02
    Info: Total CPU time (on all processors): 00:00:02


